SOLAR: 1996-11-15 6h, Nam
LUNAR: 5/10/1996
CAN_NAM: 3 CHI_NAM: 1
CUNG_MENH: 9 CUNG_THAN: 3
python : Traceback (most recent call last):
At line:1 char:1
+ python "H:\Tử vi\test_lasotuvi.py" > "H:\Tử vi\test_output.txt" 2>&1; ...
+ ~~~~~~~~~~~~~~~~~~~~~~~~~~~~~~~~~~~~~~~~~~~~~~~~~~~~~~~~~~~~~~~~~~~~
    + CategoryInfo          : NotSpecified: (Traceback (most recent call last)::String) [], RemoteException
    + FullyQualifiedErrorId : NativeCommandError
 
  File "H:\T\u1eed vi\test_lasotuvi.py", line 18, in <module>
    print(f"CUC: so={cucInfo['cuc']} hanh={cucInfo['tenHanh']} name={cucInfo['tenCuc']}")
    ~~~~~^^^^^^^^^^^^^^^^^^^^^^^^^^^^^^^^^^^^^^^^^^^^^^^^^^^^^^^^^^^^^^^^^^^^^^^^^^^^^^^^
  File "C:\Python314\Lib\encodings\cp1252.py", line 19, in encode
    return codecs.charmap_encode(input,self.errors,encoding_table)[0]
           ~~~~~~~~~~~~~~~~~~~~~^^^^^^^^^^^^^^^^^^^^^^^^^^^^^^^^^^
UnicodeEncodeError: 'charmap' codec can't encode character '\u1ee7' in position 17: character maps to <undefined>
